// Jest Snapshot v1, https://goo.gl/fbAQLP

exports[`ComponentName FPO snapshot 1`] = `
<a
  className="component_name"
  href="url"
>
  <h2>
    name of prop content goes here.
  </h2>
</a>
`;
