// Jest Snapshot v1, https://goo.gl/fbAQLP

exports[`SliceName FPO snapshot 1`] = `
<a
  className="slice_name"
  href="url"
>
  <h2>
    name of prop content goes here.
  </h2>
</a>
`;
